
> @verding/backend@0.1.1 build
> tsc

src/auth/jwt.ts(48,5): error TS2322: Type 'string' is not assignable to type 'number | StringValue | undefined'.
src/auth/jwt.ts(67,5): error TS2322: Type 'string' is not assignable to type 'number | StringValue | undefined'.
src/auth/property-isolation.ts(142,48): error TS18048: 'req.auth' is possibly 'undefined'.
src/auth/rbac-middleware.ts(21,32): error TS18048: 'req.auth' is possibly 'undefined'.
src/auth/rbac-middleware.ts(172,37): error TS2345: Argument of type 'string' is not assignable to parameter of type 'UserRole'.
node.exe : npm error Lifecycle script `build` failed with error:
En C:\Program Files\nodejs\npm.ps1: 29 Carácter: 3
+   & $NODE_EXE $NPM_CLI_JS $args
+   ~~~~~~~~~~~~~~~~~~~~~~~~~~~~~
    + CategoryInfo          : NotSpecified: (npm error Lifec...led with error::String) [], RemoteExce 
   ption
    + FullyQualifiedErrorId : NativeCommandError
 
npm error code 1
npm error path C:\Users\jovy2\Documents\VTF\VTF1\packages\backend
npm error workspace @verding/backend@0.1.1
npm error location C:\Users\jovy2\Documents\VTF\VTF1\packages\backend
npm error command failed
npm error command C:\WINDOWS\system32\cmd.exe /d /s /c tsc
